Information: Updating design information... (UID-85)
 
****************************************
Report : constraint
        -all_violators
Design : mips
Version: P-2019.03-SP5
Date   : Tue Nov  9 19:11:59 2021
****************************************


   min_capacitance

                             Required        Actual
   Net                      Capacitance    Capacitance       Slack
   -----------------------------------------------------------------
   adr[0]                       0.00           0.00           0.00  (VIOLATED: increase significant digits)
   adr[1]                       0.00           0.00           0.00  (VIOLATED: increase significant digits)
   adr[2]                       0.00           0.00           0.00  (VIOLATED: increase significant digits)
   adr[3]                       0.00           0.00           0.00  (VIOLATED: increase significant digits)
   adr[4]                       0.00           0.00           0.00  (VIOLATED: increase significant digits)
   adr[5]                       0.00           0.00           0.00  (VIOLATED: increase significant digits)
   adr[6]                       0.00           0.00           0.00  (VIOLATED: increase significant digits)
   adr[7]                       0.00           0.00           0.00  (VIOLATED: increase significant digits)
   memread                      0.00           0.00           0.00  (VIOLATED: increase significant digits)
   memwrite                     0.00           0.00           0.00  (VIOLATED: increase significant digits)
   dp/alunit/shiftleftblock/n5     0.00        0.00           0.00  (VIOLATED: increase significant digits)
   dp/alunit/shiftleftblock/n6     0.00        0.00           0.00  (VIOLATED: increase significant digits)
   dp/alunit/shiftleftblock/n15     0.00       0.00           0.00  (VIOLATED: increase significant digits)
   dp/alunit/shiftleftblock/n19     0.00       0.00           0.00  (VIOLATED: increase significant digits)
   dp/alunit/shiftrightblock/n7     0.00       0.00           0.00  (VIOLATED: increase significant digits)
   dp/alunit/shiftrightblock/n9     0.00       0.00           0.00  (VIOLATED: increase significant digits)
   dp/alunit/shiftleftblock/n11     0.00       0.00           0.00  (VIOLATED: increase significant digits)
   dp/alunit/shiftleftblock/n14     0.00       0.00           0.00  (VIOLATED: increase significant digits)
   dp/alunit/shiftleftblock/n18     0.00       0.00           0.00  (VIOLATED: increase significant digits)
   dp/alunit/shiftleftblock/n22     0.00       0.00           0.00  (VIOLATED: increase significant digits)
   dp/alunit/shiftrightblock/n10     0.00      0.00           0.00  (VIOLATED: increase significant digits)
   dp/alunit/shiftrightblock/n11     0.00      0.00           0.00  (VIOLATED: increase significant digits)
   dp/alunit/shiftrightblock/n12     0.00      0.00           0.00  (VIOLATED: increase significant digits)
   dp/alunit/shiftrightblock/n13     0.00      0.00           0.00  (VIOLATED: increase significant digits)
   dp/alunit/shiftrightblock/n17     0.00      0.00           0.00  (VIOLATED: increase significant digits)
   dp/alunit/shiftrightblock/n20     0.00      0.00           0.00  (VIOLATED: increase significant digits)
   cont/ac/n9                   0.00           0.00           0.00  (VIOLATED: increase significant digits)
   cont/ac/n11                  0.00           0.00           0.00  (VIOLATED: increase significant digits)
   cont/ac/n15                  0.00           0.00           0.00  (VIOLATED: increase significant digits)
   cont/ac/n17                  0.00           0.00           0.00  (VIOLATED: increase significant digits)
   cont/ac/n19                  0.00           0.00           0.00  (VIOLATED: increase significant digits)
   cont/ac/n20                  0.00           0.00           0.00  (VIOLATED: increase significant digits)
   cont/ac/n24                  0.00           0.00           0.00  (VIOLATED: increase significant digits)
   cont/ac/n25                  0.00           0.00           0.00  (VIOLATED: increase significant digits)
   cont/ac/n35                  0.00           0.00           0.00  (VIOLATED: increase significant digits)
   cont/ac/n38                  0.00           0.00           0.00  (VIOLATED: increase significant digits)
   cont/ac/n44                  0.00           0.00           0.00  (VIOLATED: increase significant digits)
   cont/ac/n46                  0.00           0.00           0.00  (VIOLATED: increase significant digits)
   cont/outputlog/n26           0.00           0.00           0.00  (VIOLATED: increase significant digits)
   cont/statelog/n36            0.00           0.00           0.00  (VIOLATED: increase significant digits)
   cont/statelog/n42            0.00           0.00           0.00  (VIOLATED: increase significant digits)
   dp/a[7]                      0.00           0.00           0.00  (VIOLATED: increase significant digits)
   dp/adrmux/n3                 0.00           0.00           0.00  (VIOLATED: increase significant digits)
   dp/adrmux/n5                 0.00           0.00           0.00  (VIOLATED: increase significant digits)
   dp/adrmux/n7                 0.00           0.00           0.00  (VIOLATED: increase significant digits)
   dp/adrmux/n9                 0.00           0.00           0.00  (VIOLATED: increase significant digits)
   dp/adrmux/n11                0.00           0.00           0.00  (VIOLATED: increase significant digits)
   dp/adrmux/n13                0.00           0.00           0.00  (VIOLATED: increase significant digits)
   dp/adrmux/n15                0.00           0.00           0.00  (VIOLATED: increase significant digits)
   dp/adrmux/n17                0.00           0.00           0.00  (VIOLATED: increase significant digits)
   dp/alunit/addblock/add_1_root_add_645_2/n10     0.00     0.00     0.00 (VIOLATED: increase significant digits)
   dp/alunit/addblock/add_1_root_add_645_2/n11     0.00     0.00     0.00 (VIOLATED: increase significant digits)
   dp/alunit/addblock/add_1_root_add_645_2/n15     0.00     0.00     0.00 (VIOLATED: increase significant digits)
   dp/alunit/addblock/add_1_root_add_645_2/n16     0.00     0.00     0.00 (VIOLATED: increase significant digits)
   dp/alunit/addblock/add_1_root_add_645_2/n20     0.00     0.00     0.00 (VIOLATED: increase significant digits)
   dp/alunit/addblock/add_1_root_add_645_2/n21     0.00     0.00     0.00 (VIOLATED: increase significant digits)
   dp/alunit/addblock/add_1_root_add_645_2/n25     0.00     0.00     0.00 (VIOLATED: increase significant digits)
   dp/alunit/addblock/add_1_root_add_645_2/n26     0.00     0.00     0.00 (VIOLATED: increase significant digits)
   dp/alunit/addblock/add_1_root_add_645_2/n30     0.00     0.00     0.00 (VIOLATED: increase significant digits)
   dp/alunit/addblock/add_1_root_add_645_2/n31     0.00     0.00     0.00 (VIOLATED: increase significant digits)
   dp/alunit/addblock/add_1_root_add_645_2/n35     0.00     0.00     0.00 (VIOLATED: increase significant digits)
   dp/alunit/addblock/add_1_root_add_645_2/n36     0.00     0.00     0.00 (VIOLATED: increase significant digits)
   dp/alunit/addblock/add_1_root_add_645_2/n40     0.00     0.00     0.00 (VIOLATED: increase significant digits)
   dp/alunit/addblock/add_1_root_add_645_2/n41     0.00     0.00     0.00 (VIOLATED: increase significant digits)
   dp/alunit/binv/ab[7]         0.00           0.00           0.00  (VIOLATED: increase significant digits)
   dp/alunit/binv/invmux/n18     0.00          0.00           0.00  (VIOLATED: increase significant digits)
   dp/alunit/binv/invmux/n20     0.00          0.00           0.00  (VIOLATED: increase significant digits)
   dp/alunit/binv/invmux/n22     0.00          0.00           0.00  (VIOLATED: increase significant digits)
   dp/alunit/binv/invmux/n24     0.00          0.00           0.00  (VIOLATED: increase significant digits)
   dp/alunit/binv/invmux/n26     0.00          0.00           0.00  (VIOLATED: increase significant digits)
   dp/alunit/binv/invmux/n28     0.00          0.00           0.00  (VIOLATED: increase significant digits)
   dp/alunit/binv/invmux/n30     0.00          0.00           0.00  (VIOLATED: increase significant digits)
   dp/alunit/binv/invmux/n32     0.00          0.00           0.00  (VIOLATED: increase significant digits)
   dp/alunit/equalblock/n4      0.00           0.00           0.00  (VIOLATED: increase significant digits)
   dp/alunit/equalblock/n10     0.00           0.00           0.00  (VIOLATED: increase significant digits)
   dp/alunit/greater_oreqblock/n2     0.00     0.00           0.00  (VIOLATED: increase significant digits)
   dp/alunit/greater_oreqblock/n4     0.00     0.00           0.00  (VIOLATED: increase significant digits)
   dp/alunit/greater_oreqblock/n19     0.00     0.00          0.00  (VIOLATED: increase significant digits)
   dp/alunit/greater_oreqblock/n21     0.00     0.00          0.00  (VIOLATED: increase significant digits)
   dp/alunit/greater_oreqblock/n31     0.00     0.00          0.00  (VIOLATED: increase significant digits)
   dp/alunit/greaterblock/n5     0.00          0.00           0.00  (VIOLATED: increase significant digits)
   dp/alunit/greaterblock/n18     0.00         0.00           0.00  (VIOLATED: increase significant digits)
   dp/alunit/greaterblock/n20     0.00         0.00           0.00  (VIOLATED: increase significant digits)
   dp/alunit/multblock/mult_621/n192     0.00     0.00        0.00  (VIOLATED: increase significant digits)
   dp/alunit/multblock/mult_621/n214     0.00     0.00        0.00  (VIOLATED: increase significant digits)
   dp/alunit/multblock/mult_621/n232     0.00     0.00        0.00  (VIOLATED: increase significant digits)
   dp/alunit/multblock/mult_621/n238     0.00     0.00        0.00  (VIOLATED: increase significant digits)
   dp/alunit/multblock/mult_621/n247     0.00     0.00        0.00  (VIOLATED: increase significant digits)
   dp/alunit/multblock/mult_621/n259     0.00     0.00        0.00  (VIOLATED: increase significant digits)
   dp/alunit/multblock/mult_621/n267     0.00     0.00        0.00  (VIOLATED: increase significant digits)
   dp/alunit/multblock/mult_621/n273     0.00     0.00        0.00  (VIOLATED: increase significant digits)
   dp/alunit/multblock/mult_621/n279     0.00     0.00        0.00  (VIOLATED: increase significant digits)
   dp/alunit/multblock/mult_621/n291     0.00     0.00        0.00  (VIOLATED: increase significant digits)
   dp/alunit/multblock/mult_621/n300     0.00     0.00        0.00  (VIOLATED: increase significant digits)
   dp/alunit/resultmux/n12      0.00           0.00           0.00  (VIOLATED: increase significant digits)
   dp/alunit/resultmux/n34      0.00           0.00           0.00  (VIOLATED: increase significant digits)
   dp/alunit/resultmux/n52      0.00           0.00           0.00  (VIOLATED: increase significant digits)
   dp/alunit/resultmux/n70      0.00           0.00           0.00  (VIOLATED: increase significant digits)
   dp/alunit/resultmux/n88      0.00           0.00           0.00  (VIOLATED: increase significant digits)
   dp/alunit/resultmux/n106     0.00           0.00           0.00  (VIOLATED: increase significant digits)
   dp/alunit/resultmux/n124     0.00           0.00           0.00  (VIOLATED: increase significant digits)
   dp/alunit/resultmux/n142     0.00           0.00           0.00  (VIOLATED: increase significant digits)
   dp/alunit/resultmux/n159     0.00           0.00           0.00  (VIOLATED: increase significant digits)
   dp/alunit/zd/n4              0.00           0.00           0.00  (VIOLATED: increase significant digits)
   dp/alunit/zd/n6              0.00           0.00           0.00  (VIOLATED: increase significant digits)
   dp/data[7]                   0.00           0.00           0.00  (VIOLATED: increase significant digits)
   dp/ir0/n2                    0.00           0.00           0.00  (VIOLATED: increase significant digits)
   dp/ir0/n5                    0.00           0.00           0.00  (VIOLATED: increase significant digits)
   dp/ir0/n7                    0.00           0.00           0.00  (VIOLATED: increase significant digits)
   dp/ir0/n9                    0.00           0.00           0.00  (VIOLATED: increase significant digits)
   dp/ir0/n11                   0.00           0.00           0.00  (VIOLATED: increase significant digits)
   dp/ir0/n13                   0.00           0.00           0.00  (VIOLATED: increase significant digits)
   dp/ir0/n15                   0.00           0.00           0.00  (VIOLATED: increase significant digits)
   dp/ir0/n17                   0.00           0.00           0.00  (VIOLATED: increase significant digits)
   dp/ir1/n34                   0.00           0.00           0.00  (VIOLATED: increase significant digits)
   dp/ir1/n36                   0.00           0.00           0.00  (VIOLATED: increase significant digits)
   dp/ir1/n38                   0.00           0.00           0.00  (VIOLATED: increase significant digits)
   dp/ir1/n40                   0.00           0.00           0.00  (VIOLATED: increase significant digits)
   dp/ir1/n42                   0.00           0.00           0.00  (VIOLATED: increase significant digits)
   dp/ir1/n44                   0.00           0.00           0.00  (VIOLATED: increase significant digits)
   dp/ir1/n46                   0.00           0.00           0.00  (VIOLATED: increase significant digits)
   dp/ir1/n48                   0.00           0.00           0.00  (VIOLATED: increase significant digits)
   dp/ir2/n34                   0.00           0.00           0.00  (VIOLATED: increase significant digits)
   dp/ir2/n36                   0.00           0.00           0.00  (VIOLATED: increase significant digits)
   dp/ir2/n38                   0.00           0.00           0.00  (VIOLATED: increase significant digits)
   dp/ir2/n40                   0.00           0.00           0.00  (VIOLATED: increase significant digits)
   dp/ir2/n42                   0.00           0.00           0.00  (VIOLATED: increase significant digits)
   dp/ir2/n44                   0.00           0.00           0.00  (VIOLATED: increase significant digits)
   dp/ir2/n46                   0.00           0.00           0.00  (VIOLATED: increase significant digits)
   dp/ir2/n48                   0.00           0.00           0.00  (VIOLATED: increase significant digits)
   dp/ir3/n34                   0.00           0.00           0.00  (VIOLATED: increase significant digits)
   dp/ir3/n36                   0.00           0.00           0.00  (VIOLATED: increase significant digits)
   dp/ir3/n38                   0.00           0.00           0.00  (VIOLATED: increase significant digits)
   dp/ir3/n40                   0.00           0.00           0.00  (VIOLATED: increase significant digits)
   dp/ir3/n42                   0.00           0.00           0.00  (VIOLATED: increase significant digits)
   dp/ir3/n44                   0.00           0.00           0.00  (VIOLATED: increase significant digits)
   dp/ir3/n46                   0.00           0.00           0.00  (VIOLATED: increase significant digits)
   dp/ir3/n48                   0.00           0.00           0.00  (VIOLATED: increase significant digits)
   dp/pcreg/n3                  0.00           0.00           0.00  (VIOLATED: increase significant digits)
   dp/pcreg/n7                  0.00           0.00           0.00  (VIOLATED: increase significant digits)
   dp/pcreg/n9                  0.00           0.00           0.00  (VIOLATED: increase significant digits)
   dp/pcreg/n11                 0.00           0.00           0.00  (VIOLATED: increase significant digits)
   dp/pcreg/n13                 0.00           0.00           0.00  (VIOLATED: increase significant digits)
   dp/pcreg/n15                 0.00           0.00           0.00  (VIOLATED: increase significant digits)
   dp/pcreg/n17                 0.00           0.00           0.00  (VIOLATED: increase significant digits)
   dp/pcreg/n19                 0.00           0.00           0.00  (VIOLATED: increase significant digits)
   dp/regmux/n3                 0.00           0.00           0.00  (VIOLATED: increase significant digits)
   dp/regmux/n5                 0.00           0.00           0.00  (VIOLATED: increase significant digits)
   dp/regmux/n7                 0.00           0.00           0.00  (VIOLATED: increase significant digits)
   dp/src1mux/n18               0.00           0.00           0.00  (VIOLATED: increase significant digits)
   dp/src1mux/n20               0.00           0.00           0.00  (VIOLATED: increase significant digits)
   dp/src1mux/n22               0.00           0.00           0.00  (VIOLATED: increase significant digits)
   dp/src1mux/n24               0.00           0.00           0.00  (VIOLATED: increase significant digits)
   dp/src1mux/n26               0.00           0.00           0.00  (VIOLATED: increase significant digits)
   dp/src1mux/n28               0.00           0.00           0.00  (VIOLATED: increase significant digits)
   dp/src1mux/n30               0.00           0.00           0.00  (VIOLATED: increase significant digits)
   dp/src1mux/n32               0.00           0.00           0.00  (VIOLATED: increase significant digits)
   dp/wdmux/n18                 0.00           0.00           0.00  (VIOLATED: increase significant digits)
   dp/wdmux/n20                 0.00           0.00           0.00  (VIOLATED: increase significant digits)
   dp/wdmux/n22                 0.00           0.00           0.00  (VIOLATED: increase significant digits)
   dp/wdmux/n24                 0.00           0.00           0.00  (VIOLATED: increase significant digits)
   dp/wdmux/n26                 0.00           0.00           0.00  (VIOLATED: increase significant digits)
   dp/wdmux/n28                 0.00           0.00           0.00  (VIOLATED: increase significant digits)
   dp/wdmux/n30                 0.00           0.00           0.00  (VIOLATED: increase significant digits)
   dp/wdmux/n32                 0.00           0.00           0.00  (VIOLATED: increase significant digits)
   cont/ac/n37                  0.00           0.00           0.00  (VIOLATED: increase significant digits)
   dp/alunit/diffblock/n5       0.00           0.00           0.00  (VIOLATED: increase significant digits)
   dp/alunit/greater_oreqblock/n22     0.00     0.00          0.00  (VIOLATED: increase significant digits)
   dp/alunit/greaterblock/n22     0.00         0.00           0.00  (VIOLATED: increase significant digits)
   dp/alunit/multblock/mult_621/n253     0.00     0.00        0.00  (VIOLATED: increase significant digits)
   dp/src2mux/n7                0.00           0.00           0.00  (VIOLATED: increase significant digits)
   dp/src2mux/n16               0.00           0.00           0.00  (VIOLATED: increase significant digits)
   dp/src2mux/n21               0.00           0.00           0.00  (VIOLATED: increase significant digits)
   dp/src2mux/n26               0.00           0.00           0.00  (VIOLATED: increase significant digits)
   dp/src2mux/n31               0.00           0.00           0.00  (VIOLATED: increase significant digits)
   dp/src2mux/n36               0.00           0.00           0.00  (VIOLATED: increase significant digits)
   dp/src2mux/n41               0.00           0.00           0.00  (VIOLATED: increase significant digits)
   dp/src2mux/n46               0.00           0.00           0.00  (VIOLATED: increase significant digits)
   dp/alunit/diffblock/n4       0.00           0.00           0.00  (VIOLATED: increase significant digits)
   dp/alunit/greater_oreqblock/n23     0.00     0.00          0.00  (VIOLATED: increase significant digits)
   dp/alunit/greaterblock/n3     0.00          0.00           0.00  (VIOLATED: increase significant digits)
   dp/alunit/greaterblock/n23     0.00         0.00           0.00  (VIOLATED: increase significant digits)
   dp/alunit/multblock/mult_621/n252     0.00     0.00        0.00  (VIOLATED: increase significant digits)
   dp/src2mux/n6                0.00           0.00           0.00  (VIOLATED: increase significant digits)
   dp/src2mux/n15               0.00           0.00           0.00  (VIOLATED: increase significant digits)
   dp/src2mux/n20               0.00           0.00           0.00  (VIOLATED: increase significant digits)
   dp/src2mux/n25               0.00           0.00           0.00  (VIOLATED: increase significant digits)
   dp/src2mux/n30               0.00           0.00           0.00  (VIOLATED: increase significant digits)
   dp/src2mux/n35               0.00           0.00           0.00  (VIOLATED: increase significant digits)
   dp/src2mux/n40               0.00           0.00           0.00  (VIOLATED: increase significant digits)
   dp/src2mux/n45               0.00           0.00           0.00  (VIOLATED: increase significant digits)
   zero                         0.00           0.00           0.00  (VIOLATED: increase significant digits)
   cont/ac/n18                  0.00           0.00           0.00  (VIOLATED: increase significant digits)
   cont/ac/n34                  0.00           0.00           0.00  (VIOLATED: increase significant digits)
   cont/ac/n45                  0.00           0.00           0.00  (VIOLATED: increase significant digits)
   cont/outputlog/n27           0.00           0.00           0.00  (VIOLATED: increase significant digits)
   cont/statelog/n35            0.00           0.00           0.00  (VIOLATED: increase significant digits)
   cont/statelog/n41            0.00           0.00           0.00  (VIOLATED: increase significant digits)
   cont/statelog/n51            0.00           0.00           0.00  (VIOLATED: increase significant digits)
   dp/a[0]                      0.00           0.00           0.00  (VIOLATED: increase significant digits)
   dp/a[1]                      0.00           0.00           0.00  (VIOLATED: increase significant digits)
   dp/a[2]                      0.00           0.00           0.00  (VIOLATED: increase significant digits)
   dp/a[3]                      0.00           0.00           0.00  (VIOLATED: increase significant digits)
   dp/a[4]                      0.00           0.00           0.00  (VIOLATED: increase significant digits)
   dp/a[5]                      0.00           0.00           0.00  (VIOLATED: increase significant digits)
   dp/a[6]                      0.00           0.00           0.00  (VIOLATED: increase significant digits)
   dp/adrmux/n2                 0.00           0.00           0.00  (VIOLATED: increase significant digits)
   dp/adrmux/n4                 0.00           0.00           0.00  (VIOLATED: increase significant digits)
   dp/adrmux/n6                 0.00           0.00           0.00  (VIOLATED: increase significant digits)
   dp/adrmux/n8                 0.00           0.00           0.00  (VIOLATED: increase significant digits)
   dp/adrmux/n10                0.00           0.00           0.00  (VIOLATED: increase significant digits)
   dp/adrmux/n12                0.00           0.00           0.00  (VIOLATED: increase significant digits)
   dp/adrmux/n14                0.00           0.00           0.00  (VIOLATED: increase significant digits)
   dp/adrmux/n16                0.00           0.00           0.00  (VIOLATED: increase significant digits)
   dp/alunit/addblock/add_1_root_add_645_2/n9     0.00     0.00     0.00 (VIOLATED: increase significant digits)
   dp/alunit/addblock/add_1_root_add_645_2/n14     0.00     0.00     0.00 (VIOLATED: increase significant digits)
   dp/alunit/addblock/add_1_root_add_645_2/n19     0.00     0.00     0.00 (VIOLATED: increase significant digits)
   dp/alunit/addblock/add_1_root_add_645_2/n24     0.00     0.00     0.00 (VIOLATED: increase significant digits)
   dp/alunit/addblock/add_1_root_add_645_2/n29     0.00     0.00     0.00 (VIOLATED: increase significant digits)
   dp/alunit/addblock/add_1_root_add_645_2/n34     0.00     0.00     0.00 (VIOLATED: increase significant digits)
   dp/alunit/addblock/add_1_root_add_645_2/n39     0.00     0.00     0.00 (VIOLATED: increase significant digits)
   dp/alunit/andresult[0]       0.00           0.00           0.00  (VIOLATED: increase significant digits)
   dp/alunit/andresult[1]       0.00           0.00           0.00  (VIOLATED: increase significant digits)
   dp/alunit/andresult[2]       0.00           0.00           0.00  (VIOLATED: increase significant digits)
   dp/alunit/andresult[3]       0.00           0.00           0.00  (VIOLATED: increase significant digits)
   dp/alunit/andresult[4]       0.00           0.00           0.00  (VIOLATED: increase significant digits)
   dp/alunit/andresult[5]       0.00           0.00           0.00  (VIOLATED: increase significant digits)
   dp/alunit/andresult[6]       0.00           0.00           0.00  (VIOLATED: increase significant digits)
   dp/alunit/andresult[7]       0.00           0.00           0.00  (VIOLATED: increase significant digits)
   dp/alunit/binv/ab[0]         0.00           0.00           0.00  (VIOLATED: increase significant digits)
   dp/alunit/binv/ab[1]         0.00           0.00           0.00  (VIOLATED: increase significant digits)
   dp/alunit/binv/ab[2]         0.00           0.00           0.00  (VIOLATED: increase significant digits)
   dp/alunit/binv/ab[3]         0.00           0.00           0.00  (VIOLATED: increase significant digits)
   dp/alunit/binv/ab[4]         0.00           0.00           0.00  (VIOLATED: increase significant digits)
   dp/alunit/binv/ab[5]         0.00           0.00           0.00  (VIOLATED: increase significant digits)
   dp/alunit/binv/ab[6]         0.00           0.00           0.00  (VIOLATED: increase significant digits)
   dp/alunit/binv/invmux/n19     0.00          0.00           0.00  (VIOLATED: increase significant digits)
   dp/alunit/binv/invmux/n21     0.00          0.00           0.00  (VIOLATED: increase significant digits)
   dp/alunit/binv/invmux/n23     0.00          0.00           0.00  (VIOLATED: increase significant digits)
   dp/alunit/binv/invmux/n25     0.00          0.00           0.00  (VIOLATED: increase significant digits)
   dp/alunit/binv/invmux/n27     0.00          0.00           0.00  (VIOLATED: increase significant digits)
   dp/alunit/binv/invmux/n29     0.00          0.00           0.00  (VIOLATED: increase significant digits)
   dp/alunit/binv/invmux/n31     0.00          0.00           0.00  (VIOLATED: increase significant digits)
   dp/alunit/binv/invmux/n33     0.00          0.00           0.00  (VIOLATED: increase significant digits)
   dp/alunit/diffresult[0]      0.00           0.00           0.00  (VIOLATED: increase significant digits)
   dp/alunit/equalblock/n3      0.00           0.00           0.00  (VIOLATED: increase significant digits)
   dp/alunit/equalblock/n9      0.00           0.00           0.00  (VIOLATED: increase significant digits)
   dp/alunit/equalresult[0]     0.00           0.00           0.00  (VIOLATED: increase significant digits)
   dp/alunit/greater_oreqblock/n3     0.00     0.00           0.00  (VIOLATED: increase significant digits)
   dp/alunit/greater_oreqblock/n5     0.00     0.00           0.00  (VIOLATED: increase significant digits)
   dp/alunit/greater_oreqblock/n12     0.00     0.00          0.00  (VIOLATED: increase significant digits)
   dp/alunit/greater_oreqblock/n20     0.00     0.00          0.00  (VIOLATED: increase significant digits)
   dp/alunit/greater_oreqblock/n34     0.00     0.00          0.00  (VIOLATED: increase significant digits)
   dp/alunit/greater_oreqresult[0]     0.00     0.00          0.00  (VIOLATED: increase significant digits)
   dp/alunit/greaterblock/n6     0.00          0.00           0.00  (VIOLATED: increase significant digits)
   dp/alunit/greaterblock/n19     0.00         0.00           0.00  (VIOLATED: increase significant digits)
   dp/alunit/greaterresult[0]     0.00         0.00           0.00  (VIOLATED: increase significant digits)
   dp/alunit/multblock/mult_621/n191     0.00     0.00        0.00  (VIOLATED: increase significant digits)
   dp/alunit/multblock/mult_621/n213     0.00     0.00        0.00  (VIOLATED: increase significant digits)
   dp/alunit/multblock/mult_621/n231     0.00     0.00        0.00  (VIOLATED: increase significant digits)
   dp/alunit/multblock/mult_621/n237     0.00     0.00        0.00  (VIOLATED: increase significant digits)
   dp/alunit/multblock/mult_621/n246     0.00     0.00        0.00  (VIOLATED: increase significant digits)
   dp/alunit/multblock/mult_621/n258     0.00     0.00        0.00  (VIOLATED: increase significant digits)
   dp/alunit/multblock/mult_621/n266     0.00     0.00        0.00  (VIOLATED: increase significant digits)
   dp/alunit/multblock/mult_621/n272     0.00     0.00        0.00  (VIOLATED: increase significant digits)
   dp/alunit/multblock/mult_621/n278     0.00     0.00        0.00  (VIOLATED: increase significant digits)
   dp/alunit/multblock/mult_621/n286     0.00     0.00        0.00  (VIOLATED: increase significant digits)
   dp/alunit/multblock/mult_621/n290     0.00     0.00        0.00  (VIOLATED: increase significant digits)
   dp/alunit/multblock/mult_621/n299     0.00     0.00        0.00  (VIOLATED: increase significant digits)
   dp/alunit/multresult[0]      0.00           0.00           0.00  (VIOLATED: increase significant digits)
   dp/alunit/multresult[1]      0.00           0.00           0.00  (VIOLATED: increase significant digits)
   dp/alunit/multresult[2]      0.00           0.00           0.00  (VIOLATED: increase significant digits)
   dp/alunit/multresult[3]      0.00           0.00           0.00  (VIOLATED: increase significant digits)
   dp/alunit/multresult[4]      0.00           0.00           0.00  (VIOLATED: increase significant digits)
   dp/alunit/multresult[5]      0.00           0.00           0.00  (VIOLATED: increase significant digits)
   dp/alunit/multresult[6]      0.00           0.00           0.00  (VIOLATED: increase significant digits)
   dp/alunit/multresult[7]      0.00           0.00           0.00  (VIOLATED: increase significant digits)
   dp/alunit/orresult[0]        0.00           0.00           0.00  (VIOLATED: increase significant digits)
   dp/alunit/orresult[1]        0.00           0.00           0.00  (VIOLATED: increase significant digits)
   dp/alunit/orresult[2]        0.00           0.00           0.00  (VIOLATED: increase significant digits)
   dp/alunit/orresult[3]        0.00           0.00           0.00  (VIOLATED: increase significant digits)
   dp/alunit/orresult[4]        0.00           0.00           0.00  (VIOLATED: increase significant digits)
   dp/alunit/orresult[5]        0.00           0.00           0.00  (VIOLATED: increase significant digits)
   dp/alunit/orresult[6]        0.00           0.00           0.00  (VIOLATED: increase significant digits)
   dp/alunit/orresult[7]        0.00           0.00           0.00  (VIOLATED: increase significant digits)
   dp/alunit/resultmux/n11      0.00           0.00           0.00  (VIOLATED: increase significant digits)
   dp/alunit/resultmux/n33      0.00           0.00           0.00  (VIOLATED: increase significant digits)
   dp/alunit/resultmux/n51      0.00           0.00           0.00  (VIOLATED: increase significant digits)
   dp/alunit/resultmux/n69      0.00           0.00           0.00  (VIOLATED: increase significant digits)
   dp/alunit/resultmux/n87      0.00           0.00           0.00  (VIOLATED: increase significant digits)
   dp/alunit/resultmux/n105     0.00           0.00           0.00  (VIOLATED: increase significant digits)
   dp/alunit/resultmux/n123     0.00           0.00           0.00  (VIOLATED: increase significant digits)
   dp/alunit/resultmux/n141     0.00           0.00           0.00  (VIOLATED: increase significant digits)
   dp/alunit/resultmux/n158     0.00           0.00           0.00  (VIOLATED: increase significant digits)
   dp/alunit/shiftleftresult[0]     0.00       0.00           0.00  (VIOLATED: increase significant digits)
   dp/alunit/shiftleftresult[1]     0.00       0.00           0.00  (VIOLATED: increase significant digits)
   dp/alunit/shiftleftresult[2]     0.00       0.00           0.00  (VIOLATED: increase significant digits)
   dp/alunit/shiftleftresult[3]     0.00       0.00           0.00  (VIOLATED: increase significant digits)
   dp/alunit/shiftleftresult[4]     0.00       0.00           0.00  (VIOLATED: increase significant digits)
   dp/alunit/shiftleftresult[5]     0.00       0.00           0.00  (VIOLATED: increase significant digits)
   dp/alunit/shiftleftresult[6]     0.00       0.00           0.00  (VIOLATED: increase significant digits)
   dp/alunit/shiftleftresult[7]     0.00       0.00           0.00  (VIOLATED: increase significant digits)
   dp/alunit/shiftrightresult[0]     0.00      0.00           0.00  (VIOLATED: increase significant digits)
   dp/alunit/shiftrightresult[1]     0.00      0.00           0.00  (VIOLATED: increase significant digits)
   dp/alunit/shiftrightresult[2]     0.00      0.00           0.00  (VIOLATED: increase significant digits)
   dp/alunit/shiftrightresult[3]     0.00      0.00           0.00  (VIOLATED: increase significant digits)
   dp/alunit/shiftrightresult[4]     0.00      0.00           0.00  (VIOLATED: increase significant digits)
   dp/alunit/shiftrightresult[5]     0.00      0.00           0.00  (VIOLATED: increase significant digits)
   dp/alunit/shiftrightresult[6]     0.00      0.00           0.00  (VIOLATED: increase significant digits)
   dp/alunit/shiftrightresult[7]     0.00      0.00           0.00  (VIOLATED: increase significant digits)
   dp/alunit/sumresult[0]       0.00           0.00           0.00  (VIOLATED: increase significant digits)
   dp/alunit/sumresult[1]       0.00           0.00           0.00  (VIOLATED: increase significant digits)
   dp/alunit/sumresult[2]       0.00           0.00           0.00  (VIOLATED: increase significant digits)
   dp/alunit/sumresult[3]       0.00           0.00           0.00  (VIOLATED: increase significant digits)
   dp/alunit/sumresult[4]       0.00           0.00           0.00  (VIOLATED: increase significant digits)
   dp/alunit/sumresult[5]       0.00           0.00           0.00  (VIOLATED: increase significant digits)
   dp/alunit/sumresult[6]       0.00           0.00           0.00  (VIOLATED: increase significant digits)
   dp/alunit/xorresult[0]       0.00           0.00           0.00  (VIOLATED: increase significant digits)
   dp/alunit/xorresult[1]       0.00           0.00           0.00  (VIOLATED: increase significant digits)
   dp/alunit/xorresult[2]       0.00           0.00           0.00  (VIOLATED: increase significant digits)
   dp/alunit/xorresult[3]       0.00           0.00           0.00  (VIOLATED: increase significant digits)
   dp/alunit/xorresult[4]       0.00           0.00           0.00  (VIOLATED: increase significant digits)
   dp/alunit/xorresult[5]       0.00           0.00           0.00  (VIOLATED: increase significant digits)
   dp/alunit/xorresult[6]       0.00           0.00           0.00  (VIOLATED: increase significant digits)
   dp/alunit/xorresult[7]       0.00           0.00           0.00  (VIOLATED: increase significant digits)
   dp/alunit/zd/n3              0.00           0.00           0.00  (VIOLATED: increase significant digits)
   dp/alunit/zd/n5              0.00           0.00           0.00  (VIOLATED: increase significant digits)
   dp/data[0]                   0.00           0.00           0.00  (VIOLATED: increase significant digits)
   dp/data[1]                   0.00           0.00           0.00  (VIOLATED: increase significant digits)
   dp/data[2]                   0.00           0.00           0.00  (VIOLATED: increase significant digits)
   dp/data[3]                   0.00           0.00           0.00  (VIOLATED: increase significant digits)
   dp/data[4]                   0.00           0.00           0.00  (VIOLATED: increase significant digits)
   dp/data[5]                   0.00           0.00           0.00  (VIOLATED: increase significant digits)
   dp/data[6]                   0.00           0.00           0.00  (VIOLATED: increase significant digits)
   dp/instr[8]                  0.00           0.00           0.00  (VIOLATED: increase significant digits)
   dp/instr[9]                  0.00           0.00           0.00  (VIOLATED: increase significant digits)
   dp/instr[10]                 0.00           0.00           0.00  (VIOLATED: increase significant digits)
   dp/instr[14]                 0.00           0.00           0.00  (VIOLATED: increase significant digits)
   dp/instr[15]                 0.00           0.00           0.00  (VIOLATED: increase significant digits)
   dp/instr[19]                 0.00           0.00           0.00  (VIOLATED: increase significant digits)
   dp/instr[20]                 0.00           0.00           0.00  (VIOLATED: increase significant digits)
   dp/instr[21]                 0.00           0.00           0.00  (VIOLATED: increase significant digits)
   dp/instr[22]                 0.00           0.00           0.00  (VIOLATED: increase significant digits)
   dp/instr[23]                 0.00           0.00           0.00  (VIOLATED: increase significant digits)
   dp/instr[24]                 0.00           0.00           0.00  (VIOLATED: increase significant digits)
   dp/instr[25]                 0.00           0.00           0.00  (VIOLATED: increase significant digits)
   dp/ir0/n1                    0.00           0.00           0.00  (VIOLATED: increase significant digits)
   dp/ir0/n4                    0.00           0.00           0.00  (VIOLATED: increase significant digits)
   dp/ir0/n6                    0.00           0.00           0.00  (VIOLATED: increase significant digits)
   dp/ir0/n8                    0.00           0.00           0.00  (VIOLATED: increase significant digits)
   dp/ir0/n10                   0.00           0.00           0.00  (VIOLATED: increase significant digits)
   dp/ir0/n12                   0.00           0.00           0.00  (VIOLATED: increase significant digits)
   dp/ir0/n14                   0.00           0.00           0.00  (VIOLATED: increase significant digits)
   dp/ir0/n16                   0.00           0.00           0.00  (VIOLATED: increase significant digits)
   dp/ir1/n35                   0.00           0.00           0.00  (VIOLATED: increase significant digits)
   dp/ir1/n37                   0.00           0.00           0.00  (VIOLATED: increase significant digits)
   dp/ir1/n39                   0.00           0.00           0.00  (VIOLATED: increase significant digits)
   dp/ir1/n41                   0.00           0.00           0.00  (VIOLATED: increase significant digits)
   dp/ir1/n43                   0.00           0.00           0.00  (VIOLATED: increase significant digits)
   dp/ir1/n45                   0.00           0.00           0.00  (VIOLATED: increase significant digits)
   dp/ir1/n47                   0.00           0.00           0.00  (VIOLATED: increase significant digits)
   dp/ir1/n49                   0.00           0.00           0.00  (VIOLATED: increase significant digits)
   dp/ir2/n35                   0.00           0.00           0.00  (VIOLATED: increase significant digits)
   dp/ir2/n37                   0.00           0.00           0.00  (VIOLATED: increase significant digits)
   dp/ir2/n39                   0.00           0.00           0.00  (VIOLATED: increase significant digits)
   dp/ir2/n41                   0.00           0.00           0.00  (VIOLATED: increase significant digits)
   dp/ir2/n43                   0.00           0.00           0.00  (VIOLATED: increase significant digits)
   dp/ir2/n45                   0.00           0.00           0.00  (VIOLATED: increase significant digits)
   dp/ir2/n47                   0.00           0.00           0.00  (VIOLATED: increase significant digits)
   dp/ir2/n49                   0.00           0.00           0.00  (VIOLATED: increase significant digits)
   dp/ir3/n35                   0.00           0.00           0.00  (VIOLATED: increase significant digits)
   dp/ir3/n37                   0.00           0.00           0.00  (VIOLATED: increase significant digits)
   dp/ir3/n39                   0.00           0.00           0.00  (VIOLATED: increase significant digits)
   dp/ir3/n41                   0.00           0.00           0.00  (VIOLATED: increase significant digits)
   dp/ir3/n43                   0.00           0.00           0.00  (VIOLATED: increase significant digits)
   dp/ir3/n45                   0.00           0.00           0.00  (VIOLATED: increase significant digits)
   dp/ir3/n47                   0.00           0.00           0.00  (VIOLATED: increase significant digits)
   dp/ir3/n49                   0.00           0.00           0.00  (VIOLATED: increase significant digits)
   dp/nextpc[0]                 0.00           0.00           0.00  (VIOLATED: increase significant digits)
   dp/nextpc[1]                 0.00           0.00           0.00  (VIOLATED: increase significant digits)
   dp/nextpc[2]                 0.00           0.00           0.00  (VIOLATED: increase significant digits)
   dp/nextpc[3]                 0.00           0.00           0.00  (VIOLATED: increase significant digits)
   dp/nextpc[4]                 0.00           0.00           0.00  (VIOLATED: increase significant digits)
   dp/nextpc[5]                 0.00           0.00           0.00  (VIOLATED: increase significant digits)
   dp/nextpc[6]                 0.00           0.00           0.00  (VIOLATED: increase significant digits)
   dp/nextpc[7]                 0.00           0.00           0.00  (VIOLATED: increase significant digits)
   dp/pcreg/n2                  0.00           0.00           0.00  (VIOLATED: increase significant digits)
   dp/pcreg/n6                  0.00           0.00           0.00  (VIOLATED: increase significant digits)
   dp/pcreg/n8                  0.00           0.00           0.00  (VIOLATED: increase significant digits)
   dp/pcreg/n10                 0.00           0.00           0.00  (VIOLATED: increase significant digits)
   dp/pcreg/n12                 0.00           0.00           0.00  (VIOLATED: increase significant digits)
   dp/pcreg/n14                 0.00           0.00           0.00  (VIOLATED: increase significant digits)
   dp/pcreg/n16                 0.00           0.00           0.00  (VIOLATED: increase significant digits)
   dp/pcreg/n18                 0.00           0.00           0.00  (VIOLATED: increase significant digits)
   dp/regmux/n2                 0.00           0.00           0.00  (VIOLATED: increase significant digits)
   dp/regmux/n4                 0.00           0.00           0.00  (VIOLATED: increase significant digits)
   dp/regmux/n6                 0.00           0.00           0.00  (VIOLATED: increase significant digits)
   dp/src1mux/n19               0.00           0.00           0.00  (VIOLATED: increase significant digits)
   dp/src1mux/n21               0.00           0.00           0.00  (VIOLATED: increase significant digits)
   dp/src1mux/n23               0.00           0.00           0.00  (VIOLATED: increase significant digits)
   dp/src1mux/n25               0.00           0.00           0.00  (VIOLATED: increase significant digits)
   dp/src1mux/n27               0.00           0.00           0.00  (VIOLATED: increase significant digits)
   dp/src1mux/n29               0.00           0.00           0.00  (VIOLATED: increase significant digits)
   dp/src1mux/n31               0.00           0.00           0.00  (VIOLATED: increase significant digits)
   dp/src1mux/n33               0.00           0.00           0.00  (VIOLATED: increase significant digits)
   dp/wdmux/n19                 0.00           0.00           0.00  (VIOLATED: increase significant digits)
   dp/wdmux/n21                 0.00           0.00           0.00  (VIOLATED: increase significant digits)
   dp/wdmux/n23                 0.00           0.00           0.00  (VIOLATED: increase significant digits)
   dp/wdmux/n25                 0.00           0.00           0.00  (VIOLATED: increase significant digits)
   dp/wdmux/n27                 0.00           0.00           0.00  (VIOLATED: increase significant digits)
   dp/wdmux/n29                 0.00           0.00           0.00  (VIOLATED: increase significant digits)
   dp/wdmux/n31                 0.00           0.00           0.00  (VIOLATED: increase significant digits)
   dp/wdmux/n33                 0.00           0.00           0.00  (VIOLATED: increase significant digits)
   writedata[0]                 0.00           0.00           0.00  (VIOLATED: increase significant digits)
   writedata[1]                 0.00           0.00           0.00  (VIOLATED: increase significant digits)
   writedata[2]                 0.00           0.00           0.00  (VIOLATED: increase significant digits)
   writedata[3]                 0.00           0.00           0.00  (VIOLATED: increase significant digits)
   writedata[4]                 0.00           0.00           0.00  (VIOLATED: increase significant digits)
   writedata[5]                 0.00           0.00           0.00  (VIOLATED: increase significant digits)
   writedata[6]                 0.00           0.00           0.00  (VIOLATED: increase significant digits)
   writedata[7]                 0.00           0.00           0.00  (VIOLATED: increase significant digits)
   cont/ac/n1                   0.00           0.00           0.00  (VIOLATED: increase significant digits)
   cont/ac/n3                   0.00           0.00           0.00  (VIOLATED: increase significant digits)
   cont/ac/n40                  0.00           0.00           0.00  (VIOLATED: increase significant digits)
   cont/outputlog/n7            0.00           0.00           0.00  (VIOLATED: increase significant digits)
   cont/statelog/n28            0.00           0.00           0.00  (VIOLATED: increase significant digits)
   cont/statelog/n48            0.00           0.00           0.00  (VIOLATED: increase significant digits)
   dp/alunit/diffblock/n6       0.00           0.00           0.00  (VIOLATED: increase significant digits)
   dp/alunit/diffblock/n8       0.00           0.00           0.00  (VIOLATED: increase significant digits)
   dp/alunit/diffblock/n10      0.00           0.00           0.00  (VIOLATED: increase significant digits)
   dp/alunit/diffblock/n12      0.00           0.00           0.00  (VIOLATED: increase significant digits)
   dp/alunit/equalblock/n1      0.00           0.00           0.00  (VIOLATED: increase significant digits)
   dp/alunit/equalblock/n5      0.00           0.00           0.00  (VIOLATED: increase significant digits)
   dp/alunit/equalblock/n7      0.00           0.00           0.00  (VIOLATED: increase significant digits)
   dp/alunit/equalblock/n11     0.00           0.00           0.00  (VIOLATED: increase significant digits)
   dp/alunit/equalblock/n13     0.00           0.00           0.00  (VIOLATED: increase significant digits)
   dp/alunit/greater_oreqblock/n13     0.00     0.00          0.00  (VIOLATED: increase significant digits)
   dp/alunit/multblock/mult_621/n186     0.00     0.00        0.00  (VIOLATED: increase significant digits)
   dp/alunit/multblock/mult_621/n225     0.00     0.00        0.00  (VIOLATED: increase significant digits)
   dp/alunit/resultmux/n13      0.00           0.00           0.00  (VIOLATED: increase significant digits)
   dp/alunit/resultmux/n22      0.00           0.00           0.00  (VIOLATED: increase significant digits)
   dp/alunit/resultmux/n35      0.00           0.00           0.00  (VIOLATED: increase significant digits)
   dp/alunit/resultmux/n43      0.00           0.00           0.00  (VIOLATED: increase significant digits)
   dp/alunit/resultmux/n53      0.00           0.00           0.00  (VIOLATED: increase significant digits)
   dp/alunit/resultmux/n61      0.00           0.00           0.00  (VIOLATED: increase significant digits)
   dp/alunit/resultmux/n71      0.00           0.00           0.00  (VIOLATED: increase significant digits)
   dp/alunit/resultmux/n79      0.00           0.00           0.00  (VIOLATED: increase significant digits)
   dp/alunit/resultmux/n89      0.00           0.00           0.00  (VIOLATED: increase significant digits)
   dp/alunit/resultmux/n97      0.00           0.00           0.00  (VIOLATED: increase significant digits)
   dp/alunit/resultmux/n107     0.00           0.00           0.00  (VIOLATED: increase significant digits)
   dp/alunit/resultmux/n115     0.00           0.00           0.00  (VIOLATED: increase significant digits)
   dp/alunit/resultmux/n125     0.00           0.00           0.00  (VIOLATED: increase significant digits)
   dp/alunit/resultmux/n133     0.00           0.00           0.00  (VIOLATED: increase significant digits)
   dp/alunit/resultmux/n143     0.00           0.00           0.00  (VIOLATED: increase significant digits)
   dp/alunit/resultmux/n162     0.00           0.00           0.00  (VIOLATED: increase significant digits)
   dp/alunit/zd/n1              0.00           0.00           0.00  (VIOLATED: increase significant digits)
   dp/pcmux/n1                  0.00           0.00           0.00  (VIOLATED: increase significant digits)
   dp/pcreg/n1                  0.00           0.00           0.00  (VIOLATED: increase significant digits)
   cont/n1                      0.00           0.00           0.00  (VIOLATED: increase significant digits)
   cont/ac/n14                  0.00           0.00           0.00  (VIOLATED: increase significant digits)
   cont/ac/n28                  0.00           0.00           0.00  (VIOLATED: increase significant digits)
   cont/ac/n33                  0.00           0.00           0.00  (VIOLATED: increase significant digits)
   cont/ac/n39                  0.00           0.00           0.00  (VIOLATED: increase significant digits)
   cont/ac/n50                  0.00           0.00           0.00  (VIOLATED: increase significant digits)
   cont/ac/n51                  0.00           0.00           0.00  (VIOLATED: increase significant digits)
   cont/ac/n53                  0.00           0.00           0.00  (VIOLATED: increase significant digits)
   cont/outputlog/n30           0.00           0.00           0.00  (VIOLATED: increase significant digits)
   cont/outputlog/n32           0.00           0.00           0.00  (VIOLATED: increase significant digits)
   cont/statelog/n7             0.00           0.00           0.00  (VIOLATED: increase significant digits)
   cont/statelog/n23            0.00           0.00           0.00  (VIOLATED: increase significant digits)
   cont/statelog/n27            0.00           0.00           0.00  (VIOLATED: increase significant digits)
   cont/statelog/n40            0.00           0.00           0.00  (VIOLATED: increase significant digits)
   cont/statelog/n44            0.00           0.00           0.00  (VIOLATED: increase significant digits)
   cont/statelog/n46            0.00           0.00           0.00  (VIOLATED: increase significant digits)
   cont/statelog/n50            0.00           0.00           0.00  (VIOLATED: increase significant digits)
   cont/statelog/n53            0.00           0.00           0.00  (VIOLATED: increase significant digits)
   cont/statelog/n55            0.00           0.00           0.00  (VIOLATED: increase significant digits)
   dp/alunit/diffblock/n3       0.00           0.00           0.00  (VIOLATED: increase significant digits)
   dp/alunit/greater_oreqblock/n6     0.00     0.00           0.00  (VIOLATED: increase significant digits)
   dp/alunit/greater_oreqblock/n9     0.00     0.00           0.00  (VIOLATED: increase significant digits)
   dp/alunit/greater_oreqblock/n14     0.00     0.00          0.00  (VIOLATED: increase significant digits)
   dp/alunit/greater_oreqblock/n24     0.00     0.00          0.00  (VIOLATED: increase significant digits)
   dp/alunit/greaterblock/n7     0.00          0.00           0.00  (VIOLATED: increase significant digits)
   dp/alunit/greaterblock/n10     0.00         0.00           0.00  (VIOLATED: increase significant digits)
   dp/alunit/greaterblock/n14     0.00         0.00           0.00  (VIOLATED: increase significant digits)
   dp/alunit/greaterblock/n24     0.00         0.00           0.00  (VIOLATED: increase significant digits)
   dp/alunit/resultmux/n17      0.00           0.00           0.00  (VIOLATED: increase significant digits)
   dp/alunit/resultmux/n20      0.00           0.00           0.00  (VIOLATED: increase significant digits)
   dp/alunit/resultmux/n26      0.00           0.00           0.00  (VIOLATED: increase significant digits)
   dp/alunit/resultmux/n32      0.00           0.00           0.00  (VIOLATED: increase significant digits)
   dp/alunit/resultmux/n39      0.00           0.00           0.00  (VIOLATED: increase significant digits)
   dp/alunit/resultmux/n42      0.00           0.00           0.00  (VIOLATED: increase significant digits)
   dp/alunit/resultmux/n47      0.00           0.00           0.00  (VIOLATED: increase significant digits)
   dp/alunit/resultmux/n50      0.00           0.00           0.00  (VIOLATED: increase significant digits)
   dp/alunit/resultmux/n57      0.00           0.00           0.00  (VIOLATED: increase significant digits)
   dp/alunit/resultmux/n60      0.00           0.00           0.00  (VIOLATED: increase significant digits)
   dp/alunit/resultmux/n65      0.00           0.00           0.00  (VIOLATED: increase significant digits)
   dp/alunit/resultmux/n68      0.00           0.00           0.00  (VIOLATED: increase significant digits)
   dp/alunit/resultmux/n75      0.00           0.00           0.00  (VIOLATED: increase significant digits)
   dp/alunit/resultmux/n78      0.00           0.00           0.00  (VIOLATED: increase significant digits)
   dp/alunit/resultmux/n83      0.00           0.00           0.00  (VIOLATED: increase significant digits)
   dp/alunit/resultmux/n86      0.00           0.00           0.00  (VIOLATED: increase significant digits)
   dp/alunit/resultmux/n93      0.00           0.00           0.00  (VIOLATED: increase significant digits)
   dp/alunit/resultmux/n96      0.00           0.00           0.00  (VIOLATED: increase significant digits)
   dp/alunit/resultmux/n101     0.00           0.00           0.00  (VIOLATED: increase significant digits)
   dp/alunit/resultmux/n104     0.00           0.00           0.00  (VIOLATED: increase significant digits)
   dp/alunit/resultmux/n111     0.00           0.00           0.00  (VIOLATED: increase significant digits)
   dp/alunit/resultmux/n114     0.00           0.00           0.00  (VIOLATED: increase significant digits)
   dp/alunit/resultmux/n119     0.00           0.00           0.00  (VIOLATED: increase significant digits)
   dp/alunit/resultmux/n122     0.00           0.00           0.00  (VIOLATED: increase significant digits)
   dp/alunit/resultmux/n129     0.00           0.00           0.00  (VIOLATED: increase significant digits)
   dp/alunit/resultmux/n132     0.00           0.00           0.00  (VIOLATED: increase significant digits)
   dp/alunit/resultmux/n137     0.00           0.00           0.00  (VIOLATED: increase significant digits)
   dp/alunit/resultmux/n140     0.00           0.00           0.00  (VIOLATED: increase significant digits)
   dp/alunit/resultmux/n147     0.00           0.00           0.00  (VIOLATED: increase significant digits)
   dp/alunit/resultmux/n155     0.00           0.00           0.00  (VIOLATED: increase significant digits)
   dp/alunit/resultmux/n166     0.00           0.00           0.00  (VIOLATED: increase significant digits)
   dp/alunit/resultmux/n169     0.00           0.00           0.00  (VIOLATED: increase significant digits)
   dp/pcmux/n4                  0.00           0.00           0.00  (VIOLATED: increase significant digits)
   dp/pcmux/n9                  0.00           0.00           0.00  (VIOLATED: increase significant digits)
   dp/pcmux/n12                 0.00           0.00           0.00  (VIOLATED: increase significant digits)
   dp/pcmux/n15                 0.00           0.00           0.00  (VIOLATED: increase significant digits)
   dp/pcmux/n18                 0.00           0.00           0.00  (VIOLATED: increase significant digits)
   dp/pcmux/n21                 0.00           0.00           0.00  (VIOLATED: increase significant digits)
   dp/pcmux/n24                 0.00           0.00           0.00  (VIOLATED: increase significant digits)
   dp/pcmux/n27                 0.00           0.00           0.00  (VIOLATED: increase significant digits)
   dp/src2mux/n5                0.00           0.00           0.00  (VIOLATED: increase significant digits)
   dp/src2mux/n14               0.00           0.00           0.00  (VIOLATED: increase significant digits)
   dp/src2mux/n19               0.00           0.00           0.00  (VIOLATED: increase significant digits)
   dp/src2mux/n24               0.00           0.00           0.00  (VIOLATED: increase significant digits)
   dp/src2mux/n29               0.00           0.00           0.00  (VIOLATED: increase significant digits)
   dp/src2mux/n34               0.00           0.00           0.00  (VIOLATED: increase significant digits)
   dp/src2mux/n39               0.00           0.00           0.00  (VIOLATED: increase significant digits)
   dp/src2mux/n44               0.00           0.00           0.00  (VIOLATED: increase significant digits)
   cont/ac/n22                  0.00           0.00           0.00  (VIOLATED: increase significant digits)
   cont/ac/n27                  0.00           0.00           0.00  (VIOLATED: increase significant digits)
   cont/ac/n43                  0.00           0.00           0.00  (VIOLATED: increase significant digits)
   cont/ac/n49                  0.00           0.00           0.00  (VIOLATED: increase significant digits)
   cont/statelog/n22            0.00           0.00           0.00  (VIOLATED: increase significant digits)
   cont/statelog/n26            0.00           0.00           0.00  (VIOLATED: increase significant digits)
   dp/alunit/diffblock/n2       0.00           0.00           0.00  (VIOLATED: increase significant digits)
   dp/alunit/greater_oreqblock/n10     0.00     0.00          0.00  (VIOLATED: increase significant digits)
   dp/alunit/greater_oreqblock/n25     0.00     0.00          0.00  (VIOLATED: increase significant digits)
   dp/alunit/greaterblock/n2     0.00          0.00           0.00  (VIOLATED: increase significant digits)
   dp/alunit/greaterblock/n11     0.00         0.00           0.00  (VIOLATED: increase significant digits)
   dp/alunit/greaterblock/n15     0.00         0.00           0.00  (VIOLATED: increase significant digits)
   dp/alunit/greaterblock/n25     0.00         0.00           0.00  (VIOLATED: increase significant digits)
   dp/alunit/resultmux/n16      0.00           0.00           0.00  (VIOLATED: increase significant digits)
   dp/alunit/resultmux/n19      0.00           0.00           0.00  (VIOLATED: increase significant digits)
   dp/alunit/resultmux/n25      0.00           0.00           0.00  (VIOLATED: increase significant digits)
   dp/alunit/resultmux/n31      0.00           0.00           0.00  (VIOLATED: increase significant digits)
   dp/alunit/resultmux/n38      0.00           0.00           0.00  (VIOLATED: increase significant digits)
   dp/alunit/resultmux/n41      0.00           0.00           0.00  (VIOLATED: increase significant digits)
   dp/alunit/resultmux/n46      0.00           0.00           0.00  (VIOLATED: increase significant digits)
   dp/alunit/resultmux/n49      0.00           0.00           0.00  (VIOLATED: increase significant digits)
   dp/alunit/resultmux/n56      0.00           0.00           0.00  (VIOLATED: increase significant digits)
   dp/alunit/resultmux/n59      0.00           0.00           0.00  (VIOLATED: increase significant digits)
   dp/alunit/resultmux/n64      0.00           0.00           0.00  (VIOLATED: increase significant digits)
   dp/alunit/resultmux/n67      0.00           0.00           0.00  (VIOLATED: increase significant digits)
   dp/alunit/resultmux/n74      0.00           0.00           0.00  (VIOLATED: increase significant digits)
   dp/alunit/resultmux/n77      0.00           0.00           0.00  (VIOLATED: increase significant digits)
   dp/alunit/resultmux/n82      0.00           0.00           0.00  (VIOLATED: increase significant digits)
   dp/alunit/resultmux/n85      0.00           0.00           0.00  (VIOLATED: increase significant digits)
   dp/alunit/resultmux/n92      0.00           0.00           0.00  (VIOLATED: increase significant digits)
   dp/alunit/resultmux/n95      0.00           0.00           0.00  (VIOLATED: increase significant digits)
   dp/alunit/resultmux/n100     0.00           0.00           0.00  (VIOLATED: increase significant digits)
   dp/alunit/resultmux/n103     0.00           0.00           0.00  (VIOLATED: increase significant digits)
   dp/alunit/resultmux/n110     0.00           0.00           0.00  (VIOLATED: increase significant digits)
   dp/alunit/resultmux/n113     0.00           0.00           0.00  (VIOLATED: increase significant digits)
   dp/alunit/resultmux/n118     0.00           0.00           0.00  (VIOLATED: increase significant digits)
   dp/alunit/resultmux/n121     0.00           0.00           0.00  (VIOLATED: increase significant digits)
   dp/alunit/resultmux/n128     0.00           0.00           0.00  (VIOLATED: increase significant digits)
   dp/alunit/resultmux/n131     0.00           0.00           0.00  (VIOLATED: increase significant digits)
   dp/alunit/resultmux/n136     0.00           0.00           0.00  (VIOLATED: increase significant digits)
   dp/alunit/resultmux/n139     0.00           0.00           0.00  (VIOLATED: increase significant digits)
   dp/alunit/resultmux/n146     0.00           0.00           0.00  (VIOLATED: increase significant digits)
   dp/alunit/resultmux/n154     0.00           0.00           0.00  (VIOLATED: increase significant digits)
   dp/alunit/resultmux/n165     0.00           0.00           0.00  (VIOLATED: increase significant digits)
   dp/alunit/resultmux/n168     0.00           0.00           0.00  (VIOLATED: increase significant digits)
   dp/pcmux/n3                  0.00           0.00           0.00  (VIOLATED: increase significant digits)
   dp/pcmux/n8                  0.00           0.00           0.00  (VIOLATED: increase significant digits)
   dp/pcmux/n11                 0.00           0.00           0.00  (VIOLATED: increase significant digits)
   dp/pcmux/n14                 0.00           0.00           0.00  (VIOLATED: increase significant digits)
   dp/pcmux/n17                 0.00           0.00           0.00  (VIOLATED: increase significant digits)
   dp/pcmux/n20                 0.00           0.00           0.00  (VIOLATED: increase significant digits)
   dp/pcmux/n23                 0.00           0.00           0.00  (VIOLATED: increase significant digits)
   dp/pcmux/n26                 0.00           0.00           0.00  (VIOLATED: increase significant digits)
   dp/src2mux/n4                0.00           0.00           0.00  (VIOLATED: increase significant digits)
   dp/src2mux/n13               0.00           0.00           0.00  (VIOLATED: increase significant digits)
   dp/src2mux/n18               0.00           0.00           0.00  (VIOLATED: increase significant digits)
   dp/src2mux/n23               0.00           0.00           0.00  (VIOLATED: increase significant digits)
   dp/src2mux/n28               0.00           0.00           0.00  (VIOLATED: increase significant digits)
   dp/src2mux/n33               0.00           0.00           0.00  (VIOLATED: increase significant digits)
   dp/src2mux/n38               0.00           0.00           0.00  (VIOLATED: increase significant digits)
   dp/src2mux/n43               0.00           0.00           0.00  (VIOLATED: increase significant digits)
   cont/ac/n10                  0.00           0.00           0.00  (VIOLATED: increase significant digits)
   cont/ac/n29                  0.00           0.00           0.00  (VIOLATED: increase significant digits)
   cont/ac/n41                  0.00           0.00           0.00  (VIOLATED: increase significant digits)
   cont/outputlog/n33           0.00           0.00           0.00  (VIOLATED: increase significant digits)
   cont/statelog/n49            0.00           0.00           0.00  (VIOLATED: increase significant digits)
   dp/alunit/diffblock/n7       0.00           0.00           0.00  (VIOLATED: increase significant digits)
   dp/alunit/diffblock/n9       0.00           0.00           0.00  (VIOLATED: increase significant digits)
   dp/alunit/diffblock/n11      0.00           0.00           0.00  (VIOLATED: increase significant digits)
   dp/alunit/diffblock/n13      0.00           0.00           0.00  (VIOLATED: increase significant digits)
   dp/alunit/equalblock/n2      0.00           0.00           0.00  (VIOLATED: increase significant digits)
   dp/alunit/equalblock/n6      0.00           0.00           0.00  (VIOLATED: increase significant digits)
   dp/alunit/equalblock/n8      0.00           0.00           0.00  (VIOLATED: increase significant digits)
   dp/alunit/equalblock/n12     0.00           0.00           0.00  (VIOLATED: increase significant digits)
   dp/alunit/equalblock/n14     0.00           0.00           0.00  (VIOLATED: increase significant digits)
   dp/alunit/greaterblock/n13     0.00         0.00           0.00  (VIOLATED: increase significant digits)
   dp/alunit/multblock/mult_621/n187     0.00     0.00        0.00  (VIOLATED: increase significant digits)
   dp/alunit/multblock/mult_621/n226     0.00     0.00        0.00  (VIOLATED: increase significant digits)
   dp/alunit/resultmux/n14      0.00           0.00           0.00  (VIOLATED: increase significant digits)
   dp/alunit/resultmux/n23      0.00           0.00           0.00  (VIOLATED: increase significant digits)
   dp/alunit/resultmux/n36      0.00           0.00           0.00  (VIOLATED: increase significant digits)
   dp/alunit/resultmux/n44      0.00           0.00           0.00  (VIOLATED: increase significant digits)
   dp/alunit/resultmux/n54      0.00           0.00           0.00  (VIOLATED: increase significant digits)
   dp/alunit/resultmux/n62      0.00           0.00           0.00  (VIOLATED: increase significant digits)
   dp/alunit/resultmux/n72      0.00           0.00           0.00  (VIOLATED: increase significant digits)
   dp/alunit/resultmux/n80      0.00           0.00           0.00  (VIOLATED: increase significant digits)
   dp/alunit/resultmux/n90      0.00           0.00           0.00  (VIOLATED: increase significant digits)
   dp/alunit/resultmux/n98      0.00           0.00           0.00  (VIOLATED: increase significant digits)
   dp/alunit/resultmux/n108     0.00           0.00           0.00  (VIOLATED: increase significant digits)
   dp/alunit/resultmux/n116     0.00           0.00           0.00  (VIOLATED: increase significant digits)
   dp/alunit/resultmux/n126     0.00           0.00           0.00  (VIOLATED: increase significant digits)
   dp/alunit/resultmux/n134     0.00           0.00           0.00  (VIOLATED: increase significant digits)
   dp/alunit/resultmux/n144     0.00           0.00           0.00  (VIOLATED: increase significant digits)
   dp/alunit/resultmux/n163     0.00           0.00           0.00  (VIOLATED: increase significant digits)
   dp/alunit/shiftleftblock/n3     0.00        0.00           0.00  (VIOLATED: increase significant digits)
   dp/alunit/shiftleftblock/n4     0.00        0.00           0.00  (VIOLATED: increase significant digits)
   dp/alunit/shiftrightblock/n6     0.00       0.00           0.00  (VIOLATED: increase significant digits)
   dp/alunit/shiftrightblock/n8     0.00       0.00           0.00  (VIOLATED: increase significant digits)
   dp/alunit/zd/n2              0.00           0.00           0.00  (VIOLATED: increase significant digits)
   cont/pcwrite                 0.00           0.00           0.00  (VIOLATED: increase significant digits)
   cont/ac/n2                   0.00           0.00           0.00  (VIOLATED: increase significant digits)
   cont/ac/n12                  0.00           0.00           0.00  (VIOLATED: increase significant digits)
   cont/ac/n21                  0.00           0.00           0.00  (VIOLATED: increase significant digits)
   cont/ac/n26                  0.00           0.00           0.00  (VIOLATED: increase significant digits)
   cont/ac/n42                  0.00           0.00           0.00  (VIOLATED: increase significant digits)
   cont/ac/n48                  0.00           0.00           0.00  (VIOLATED: increase significant digits)
   cont/statelog/n6             0.00           0.00           0.00  (VIOLATED: increase significant digits)
   cont/statelog/n21            0.00           0.00           0.00  (VIOLATED: increase significant digits)
   cont/statelog/n25            0.00           0.00           0.00  (VIOLATED: increase significant digits)
   cont/statelog/n34            0.00           0.00           0.00  (VIOLATED: increase significant digits)
   cont/statelog/n43            0.00           0.00           0.00  (VIOLATED: increase significant digits)
   cont/statelog/n45            0.00           0.00           0.00  (VIOLATED: increase significant digits)
   cont/statelog/n52            0.00           0.00           0.00  (VIOLATED: increase significant digits)
   dp/alunit/diffblock/n1       0.00           0.00           0.00  (VIOLATED: increase significant digits)
   dp/alunit/greater_oreqblock/n7     0.00     0.00           0.00  (VIOLATED: increase significant digits)
   dp/alunit/greater_oreqblock/n11     0.00     0.00          0.00  (VIOLATED: increase significant digits)
   dp/alunit/greater_oreqblock/n15     0.00     0.00          0.00  (VIOLATED: increase significant digits)
   dp/alunit/greater_oreqblock/n26     0.00     0.00          0.00  (VIOLATED: increase significant digits)
   dp/alunit/greaterblock/n4     0.00          0.00           0.00  (VIOLATED: increase significant digits)
   dp/alunit/greaterblock/n8     0.00          0.00           0.00  (VIOLATED: increase significant digits)
   dp/alunit/greaterblock/n12     0.00         0.00           0.00  (VIOLATED: increase significant digits)
   dp/alunit/greaterblock/n26     0.00         0.00           0.00  (VIOLATED: increase significant digits)
   dp/alunit/greaterblock/n33     0.00         0.00           0.00  (VIOLATED: increase significant digits)
   dp/alunit/resultmux/n15      0.00           0.00           0.00  (VIOLATED: increase significant digits)
   dp/alunit/resultmux/n18      0.00           0.00           0.00  (VIOLATED: increase significant digits)
   dp/alunit/resultmux/n24      0.00           0.00           0.00  (VIOLATED: increase significant digits)
   dp/alunit/resultmux/n30      0.00           0.00           0.00  (VIOLATED: increase significant digits)
   dp/alunit/resultmux/n37      0.00           0.00           0.00  (VIOLATED: increase significant digits)
   dp/alunit/resultmux/n40      0.00           0.00           0.00  (VIOLATED: increase significant digits)
   dp/alunit/resultmux/n45      0.00           0.00           0.00  (VIOLATED: increase significant digits)
   dp/alunit/resultmux/n48      0.00           0.00           0.00  (VIOLATED: increase significant digits)
   dp/alunit/resultmux/n55      0.00           0.00           0.00  (VIOLATED: increase significant digits)
   dp/alunit/resultmux/n58      0.00           0.00           0.00  (VIOLATED: increase significant digits)
   dp/alunit/resultmux/n63      0.00           0.00           0.00  (VIOLATED: increase significant digits)
   dp/alunit/resultmux/n66      0.00           0.00           0.00  (VIOLATED: increase significant digits)
   dp/alunit/resultmux/n73      0.00           0.00           0.00  (VIOLATED: increase significant digits)
   dp/alunit/resultmux/n76      0.00           0.00           0.00  (VIOLATED: increase significant digits)
   dp/alunit/resultmux/n81      0.00           0.00           0.00  (VIOLATED: increase significant digits)
   dp/alunit/resultmux/n84      0.00           0.00           0.00  (VIOLATED: increase significant digits)
   dp/alunit/resultmux/n91      0.00           0.00           0.00  (VIOLATED: increase significant digits)
   dp/alunit/resultmux/n94      0.00           0.00           0.00  (VIOLATED: increase significant digits)
   dp/alunit/resultmux/n99      0.00           0.00           0.00  (VIOLATED: increase significant digits)
   dp/alunit/resultmux/n102     0.00           0.00           0.00  (VIOLATED: increase significant digits)
   dp/alunit/resultmux/n109     0.00           0.00           0.00  (VIOLATED: increase significant digits)
   dp/alunit/resultmux/n112     0.00           0.00           0.00  (VIOLATED: increase significant digits)
   dp/alunit/resultmux/n117     0.00           0.00           0.00  (VIOLATED: increase significant digits)
   dp/alunit/resultmux/n120     0.00           0.00           0.00  (VIOLATED: increase significant digits)
   dp/alunit/resultmux/n127     0.00           0.00           0.00  (VIOLATED: increase significant digits)
   dp/alunit/resultmux/n130     0.00           0.00           0.00  (VIOLATED: increase significant digits)
   dp/alunit/resultmux/n135     0.00           0.00           0.00  (VIOLATED: increase significant digits)
   dp/alunit/resultmux/n138     0.00           0.00           0.00  (VIOLATED: increase significant digits)
   dp/alunit/resultmux/n145     0.00           0.00           0.00  (VIOLATED: increase significant digits)
   dp/alunit/resultmux/n153     0.00           0.00           0.00  (VIOLATED: increase significant digits)
   dp/alunit/resultmux/n164     0.00           0.00           0.00  (VIOLATED: increase significant digits)
   dp/alunit/resultmux/n167     0.00           0.00           0.00  (VIOLATED: increase significant digits)
   dp/pcmux/n2                  0.00           0.00           0.00  (VIOLATED: increase significant digits)
   dp/pcmux/n7                  0.00           0.00           0.00  (VIOLATED: increase significant digits)
   dp/pcmux/n10                 0.00           0.00           0.00  (VIOLATED: increase significant digits)
   dp/pcmux/n13                 0.00           0.00           0.00  (VIOLATED: increase significant digits)
   dp/pcmux/n16                 0.00           0.00           0.00  (VIOLATED: increase significant digits)
   dp/pcmux/n19                 0.00           0.00           0.00  (VIOLATED: increase significant digits)
   dp/pcmux/n22                 0.00           0.00           0.00  (VIOLATED: increase significant digits)
   dp/pcmux/n25                 0.00           0.00           0.00  (VIOLATED: increase significant digits)
   dp/src2mux/n3                0.00           0.00           0.00  (VIOLATED: increase significant digits)
   dp/src2mux/n12               0.00           0.00           0.00  (VIOLATED: increase significant digits)
   dp/src2mux/n17               0.00           0.00           0.00  (VIOLATED: increase significant digits)
   dp/src2mux/n22               0.00           0.00           0.00  (VIOLATED: increase significant digits)
   dp/src2mux/n27               0.00           0.00           0.00  (VIOLATED: increase significant digits)
   dp/src2mux/n32               0.00           0.00           0.00  (VIOLATED: increase significant digits)
   dp/src2mux/n37               0.00           0.00           0.00  (VIOLATED: increase significant digits)
   dp/src2mux/n42               0.00           0.00           0.00  (VIOLATED: increase significant digits)
   cont/outputlog/n21           0.00           0.00           0.00  (VIOLATED: increase significant digits)
   cont/outputlog/n24           0.00           0.00           0.00  (VIOLATED: increase significant digits)
   cont/outputlog/n31           0.00           0.00           0.00  (VIOLATED: increase significant digits)
   cont/statelog/n32            0.00           0.00           0.00  (VIOLATED: increase significant digits)
   cont/statelog/n33            0.00           0.00           0.00  (VIOLATED: increase significant digits)
   cont/statelog/n37            0.00           0.00           0.00  (VIOLATED: increase significant digits)
   cont/statelog/n54            0.00           0.00           0.00  (VIOLATED: increase significant digits)
   dp/alunit/multblock/mult_621/n243     0.00     0.00        0.00  (VIOLATED: increase significant digits)
   dp/alunit/resultmux/n148     0.00           0.00           0.00  (VIOLATED: increase significant digits)
   dp/alunit/resultmux/n150     0.00           0.00           0.00  (VIOLATED: increase significant digits)
   dp/alunit/resultmux/n152     0.00           0.00           0.00  (VIOLATED: increase significant digits)
   dp/alunit/resultmux/n156     0.00           0.00           0.00  (VIOLATED: increase significant digits)
   dp/alunit/resultmux/n161     0.00           0.00           0.00  (VIOLATED: increase significant digits)
   dp/alunit/resultmux/n170     0.00           0.00           0.00  (VIOLATED: increase significant digits)
   dp/alunit/resultmux/n171     0.00           0.00           0.00  (VIOLATED: increase significant digits)
   dp/alunit/resultmux/n172     0.00           0.00           0.00  (VIOLATED: increase significant digits)
   pcen                         0.00           0.00           0.00  (VIOLATED: increase significant digits)
   dp/alunit/shiftleftblock/n9     0.00        0.00           0.00  (VIOLATED: increase significant digits)
   dp/alunit/shiftleftblock/n12     0.00       0.00           0.00  (VIOLATED: increase significant digits)
   dp/alunit/shiftleftblock/n16     0.00       0.00           0.00  (VIOLATED: increase significant digits)
   dp/alunit/shiftleftblock/n20     0.00       0.00           0.00  (VIOLATED: increase significant digits)
   dp/alunit/shiftrightblock/n14     0.00      0.00           0.00  (VIOLATED: increase significant digits)
   dp/alunit/shiftrightblock/n15     0.00      0.00           0.00  (VIOLATED: increase significant digits)
   dp/alunit/shiftrightblock/n18     0.00      0.00           0.00  (VIOLATED: increase significant digits)
   dp/alunit/shiftrightblock/n19     0.00      0.00           0.00  (VIOLATED: increase significant digits)
   dp/alunit/shiftrightblock/n1     0.00       0.00           0.00  (VIOLATED: increase significant digits)
   dp/alunit/shiftrightblock/n16     0.00      0.00           0.00  (VIOLATED: increase significant digits)
   dp/alunit/shiftleftblock/n7     0.00        0.00           0.00  (VIOLATED: increase significant digits)
   dp/alunit/shiftleftblock/n8     0.00        0.00           0.00  (VIOLATED: increase significant digits)
   cont/ac/n16                  0.00           0.00           0.00  (VIOLATED: increase significant digits)
   cont/outputlog/n25           0.00           0.00           0.00  (VIOLATED: increase significant digits)
   dp/instr[13]                 0.00           0.00           0.00  (VIOLATED: increase significant digits)
   dp/alunit/addblock/add_1_root_add_645_2/n7     0.00     0.00     0.00 (VIOLATED: increase significant digits)
   dp/alunit/addblock/add_1_root_add_645_2/n18     0.00     0.00     0.00 (VIOLATED: increase significant digits)
   dp/alunit/addblock/add_1_root_add_645_2/n28     0.00     0.00     0.00 (VIOLATED: increase significant digits)
   dp/alunit/addblock/add_1_root_add_645_2/n38     0.00     0.00     0.00 (VIOLATED: increase significant digits)
   dp/alunit/b2[7]              0.00           0.00           0.00  (VIOLATED: increase significant digits)
   dp/alunit/multblock/mult_621/n174     0.00     0.00        0.00  (VIOLATED: increase significant digits)
   dp/alunit/multblock/mult_621/n177     0.00     0.00        0.00  (VIOLATED: increase significant digits)
   dp/alunit/multblock/mult_621/n180     0.00     0.00        0.00  (VIOLATED: increase significant digits)
   dp/alunit/multblock/mult_621/n182     0.00     0.00        0.00  (VIOLATED: increase significant digits)
   dp/alunit/multblock/mult_621/n184     0.00     0.00        0.00  (VIOLATED: increase significant digits)
   dp/alunit/multblock/mult_621/n197     0.00     0.00        0.00  (VIOLATED: increase significant digits)
   dp/alunit/multblock/mult_621/n199     0.00     0.00        0.00  (VIOLATED: increase significant digits)
   dp/alunit/multblock/mult_621/n201     0.00     0.00        0.00  (VIOLATED: increase significant digits)
   dp/alunit/multblock/mult_621/n203     0.00     0.00        0.00  (VIOLATED: increase significant digits)
   dp/alunit/multblock/mult_621/n207     0.00     0.00        0.00  (VIOLATED: increase significant digits)
   dp/alunit/multblock/mult_621/n209     0.00     0.00        0.00  (VIOLATED: increase significant digits)
   dp/alunit/multblock/mult_621/n211     0.00     0.00        0.00  (VIOLATED: increase significant digits)
   dp/alunit/multblock/mult_621/n219     0.00     0.00        0.00  (VIOLATED: increase significant digits)
   dp/alunit/multblock/mult_621/n221     0.00     0.00        0.00  (VIOLATED: increase significant digits)
   dp/alunit/multblock/mult_621/n223     0.00     0.00        0.00  (VIOLATED: increase significant digits)
   cont/ac/n30                  0.00           0.00           0.00  (VIOLATED: increase significant digits)
   dp/alunit/sumresult[7]       0.00           0.00           0.00  (VIOLATED: increase significant digits)
   dp/instr[6]                  0.00           0.00           0.00  (VIOLATED: increase significant digits)
   dp/instr[7]                  0.00           0.00           0.00  (VIOLATED: increase significant digits)
   dp/instr[11]                 0.00           0.00           0.00  (VIOLATED: increase significant digits)
   dp/instr[12]                 0.00           0.00           0.00  (VIOLATED: increase significant digits)
   dp/instr[16]                 0.00           0.00           0.00  (VIOLATED: increase significant digits)
   dp/instr[17]                 0.00           0.00           0.00  (VIOLATED: increase significant digits)
   dp/instr[18]                 0.00           0.00           0.00  (VIOLATED: increase significant digits)

   -----------------------------------------------------------------
   Total                      766                -1.16  

   max_area

                             Required        Actual
   Design                      Area           Area           Slack
   -----------------------------------------------------------------
   mips                         0.00       27517.90       -27517.90 (VIOLATED)


1
